[    0.000000] Linux version 4.15.0-212-generic (buildd@lcy02-amd64-083) (gcc version 7.5.0 (Ubuntu 7.5.0-3ubuntu1~18.04)) #223-Ubuntu SMP Tue May 23 13:09:22 UTC 2023 (Ubuntu 4.15.0-212.223-generic 4.15.18)
[    0.000000] Command line: BOOT_IMAGE=/boot/vmlinuz-4.15.0-212-generic root=LABEL=cloudimg-rootfs ro console=tty1 console=ttyS0
[    0.000000] KERNEL supported cpus:
[    0.000000]   Intel GenuineIntel
[    0.000000]   AMD AuthenticAMD
[    0.000000]   Centaur CentaurHauls
[    0.000000] x86/fpu: Supporting XSAVE feature 0x001: 'x87 floating point registers'
[    0.000000] x86/fpu: Supporting XSAVE feature 0x002: 'SSE registers'
[    0.000000] x86/fpu: Supporting XSAVE feature 0x004: 'AVX registers'
[    0.000000] x86/fpu: xstate_offset[2]:  576, xstate_sizes[2]:  256
[    0.000000] x86/fpu: Enabled xstate features 0x7, context size is 832 bytes, using 'standard' format.
[    0.000000] e820: BIOS-provided physical RAM map:
[    0.000000] BIOS-e820: [mem 0x0000000000000000-0x000000000009fbff] usable
[    0.000000] BIOS-e820: [mem 0x000000000009fc00-0x000000000009ffff] reserved
[    0.000000] BIOS-e820: [mem 0x00000000000f0000-0x00000000000fffff] reserved
[    0.000000] BIOS-e820: [mem 0x0000000000100000-0x000000003ffeffff] usable
[    0.000000] BIOS-e820: [mem 0x000000003fff0000-0x000000003fffffff] ACPI data
[    0.000000] BIOS-e820: [mem 0x00000000fec00000-0x00000000fec00fff] reserved
[    0.000000] BIOS-e820: [mem 0x00000000fee00000-0x00000000fee00fff] reserved
[    0.000000] BIOS-e820: [mem 0x00000000fffc0000-0x00000000ffffffff] reserved
[    0.000000] NX (Execute Disable) protection: active
[    0.000000] SMBIOS 2.5 present.
[    0.000000] DMI: innotek GmbH VirtualBox/VirtualBox, BIOS VirtualBox 12/01/2006
[    0.000000] Hypervisor detected: KVM
[    0.000000] e820: last_pfn = 0x3fff0 max_arch_pfn = 0x400000000
[    0.000000] x86/PAT: Configuration [0-7]: WB  WC  UC- UC  WB  WP  UC- WT  
[    0.000000] found SMP MP-table at [mem 0x0009fbf0-0x0009fbff]
[    0.000000] Scanning 1 areas for low memory corruption
[    0.000000] RAMDISK: [mem 0x359cb000-0x36cdcfff]
[    0.000000] ACPI: Early table checksum verification disabled
[    0.000000] ACPI: RSDP 0x00000000000E0000 000024 (v02 VBOX  )
[    0.000000] ACPI: XSDT 0x000000003FFF0030 00003C (v01 VBOX   VBOXXSDT 00000001 ASL  00000061)
[    0.000000] ACPI: FACP 0x000000003FFF00F0 0000F4 (v04 VBOX   VBOXFACP 00000001 ASL  00000061)
[    0.000000] ACPI: DSDT 0x000000003FFF0610 002353 (v02 VBOX   VBOXBIOS 00000002 INTL 20240322)
[    0.000000] ACPI: FACS 0x000000003FFF0200 000040
[    0.000000] ACPI: FACS 0x000000003FFF0200 000040
[    0.000000] ACPI: APIC 0x000000003FFF0240 00005C (v02 VBOX   VBOXAPIC 00000001 ASL  00000061)
[    0.000000] ACPI: SSDT 0x000000003FFF02A0 00036C (v01 VBOX   VBOXCPUT 00000002 INTL 20240322)
[    0.000000] ACPI: Reserving FACP table memory at [mem 0x3fff00f0-0x3fff01e3]
[    0.000000] ACPI: Reserving DSDT table memory at [mem 0x3fff0610-0x3fff2962]
[    0.000000] ACPI: Reserving FACS table memory at [mem 0x3fff0200-0x3fff023f]
[    0.000000] ACPI: Reserving FACS table memory at [mem 0x3fff0200-0x3fff023f]
[    0.000000] ACPI: Reserving APIC table memory at [mem 0x3fff0240-0x3fff029b]
[    0.000000] ACPI: Reserving SSDT table memory at [mem 0x3fff02a0-0x3fff060b]
[    0.000000] No NUMA configuration found
[    0.000000] Faking a node at [mem 0x0000000000000000-0x000000003ffeffff]
[    0.000000] NODE_DATA(0) allocated [mem 0x3ffc5000-0x3ffeffff]
[    0.000000] kvm-clock: cpu 0, msr 0:3ff44001, primary cpu clock
[    0.000000] kvm-clock: Using msrs 4b564d01 and 4b564d00
[    0.000000] kvm-clock: using sched offset of 3688967649 cycles
[    0.000000] clocksource: kvm-clock: mask: 0xffffffffffffffff max_cycles: 0x1cd42e4dffb, max_idle_ns: 881590591483 ns
[    0.000000] Zone ranges:
[    0.000000]   DMA      [mem 0x0000000000001000-0x0000000000ffffff]
[    0.000000]   DMA32    [mem 0x0000000001000000-0x000000003ffeffff]
[    0.000000]   Normal   empty
[    0.000000]   Device   empty
[    0.000000] Movable zone start for each node
[    0.000000] Early memory node ranges
[    0.000000]   node   0: [mem 0x0000000000001000-0x000000000009efff]
[    0.000000]   node   0: [mem 0x0000000000100000-0x000000003ffeffff]
[    0.000000] Reserved but unavailable: 104 pages
[    0.000000] Initmem setup node 0 [mem 0x0000000000001000-0x000000003ffeffff]
[    0.000000] ACPI: PM-Timer IO Port: 0x4008
[    0.000000] IOAPIC[0]: apic_id 2, version 32, address 0xfec00000, GSI 0-23
[    0.000000] ACPI: INT_SRC_OVR (bus 0 bus_irq 0 global_irq 2 dfl dfl)
[    0.000000] ACPI: INT_SRC_OVR (bus 0 bus_irq 9 global_irq 9 low level)
[    0.000000] Using ACPI (MADT) for SMP configuration information
[    0.000000] smpboot: Allowing 2 CPUs, 0 hotplug CPUs
[    0.000000] PM: Registered nosave memory: [mem 0x00000000-0x00000fff]
[    0.000000] PM: Registered nosave memory: [mem 0x0009f000-0x0009ffff]
[    0.000000] PM: Registered nosave memory: [mem 0x000a0000-0x000effff]
[    0.000000] PM: Registered nosave memory: [mem 0x000f0000-0x000fffff]
[    0.000000] e820: [mem 0x40000000-0xfebfffff] available for PCI devices
[    0.000000] Booting paravirtualized kernel on KVM
[    0.000000] clocksource: refined-jiffies: mask: 0xffffffff max_cycles: 0xffffffff, max_idle_ns: 7645519600211568 ns
[    0.000000] setup_percpu: NR_CPUS:8192 nr_cpumask_bits:2 nr_cpu_ids:2 nr_node_ids:1
[    0.000000] percpu: Embedded 50 pages/cpu s167936 r8192 d28672 u1048576
[    0.000000] PV qspinlock hash table entries: 256 (order: 0, 4096 bytes)
[    0.000000] Built 1 zonelists, mobility grouping on.  Total pages: 257913
[    0.000000] Policy zone: DMA32
[    0.000000] Kernel command line: BOOT_IMAGE=/boot/vmlinuz-4.15.0-212-generic root=LABEL=cloudimg-rootfs ro console=tty1 console=ttyS0
[    0.000000] Memory: 982644K/1048120K available (12300K kernel code, 2477K rwdata, 4324K rodata, 2480K init, 2720K bss, 65476K reserved, 0K cma-reserved)
[    0.000000] SLUB: HWalign=64, Order=0-3, MinObjects=0, CPUs=2, Nodes=1
[    0.000000] Kernel/User page tables isolation: enabled
[    0.000000] ftrace: allocating 39508 entries in 155 pages
[    0.004000] Hierarchical RCU implementation.
[    0.004000] 	RCU restricting CPUs from NR_CPUS=8192 to nr_cpu_ids=2.
[    0.004000] 	Tasks RCU enabled.
[    0.004000] RCU: Adjusting geometry for rcu_fanout_leaf=16, nr_cpu_ids=2
[    0.004000] NR_IRQS: 524544, nr_irqs: 440, preallocated irqs: 16
[    0.004000] random: crng init done
[    0.004000] Console: colour VGA+ 80x25
[    0.004000] console [tty1] enabled
[    0.004000] console [ttyS0] enabled
[    0.004000] ACPI: Core revision 20170831
[    0.004000] ACPI: 2 ACPI AML tables successfully acquired and loaded
[    0.004000] APIC: Switch to symmetric I/O mode setup
[    0.004000] x2apic enabled
[    0.004025] Switched APIC routing to physical x2apic.
[    0.012000] ..TIMER: vector=0x30 apic1=0 pin1=2 apic2=-1 pin2=-1
[    0.012009] tsc: Detected 2313.200 MHz processor
[    0.016017] Calibrating delay loop (skipped) preset value.. 4626.40 BogoMIPS (lpj=9252800)
[    0.020010] pid_max: default: 32768 minimum: 301
[    0.024059] Security Framework initialized
[    0.027075] Yama: becoming mindful.
[    0.028042] AppArmor: AppArmor initialized
[    0.033095] Dentry cache hash table entries: 131072 (order: 8, 1048576 bytes)
[    0.040197] Inode-cache hash table entries: 65536 (order: 7, 524288 bytes)
[    0.044045] Mount-cache hash table entries: 2048 (order: 2, 16384 bytes)
[    0.048030] Mountpoint-cache hash table entries: 2048 (order: 2, 16384 bytes)
[    0.053455] Last level iTLB entries: 4KB 64, 2MB 8, 4MB 8
[    0.056004] Last level dTLB entries: 4KB 64, 2MB 0, 4MB 0, 1GB 4
[    0.060021] Spectre V1 : Mitigation: usercopy/swapgs barriers and __user pointer sanitization
[    0.064004] Spectre V2 : Mitigation: Retpolines
[    0.068003] Spectre V2 : Spectre v2 / SpectreRSB mitigation: Filling RSB on context switch
[    0.072003] Spectre V2 : Spectre v2 / SpectreRSB : Filling RSB on VMEXIT
[    0.076003] RETBleed: WARNING: Spectre v2 mitigation leaves CPU vulnerable to RETBleed attacks, data leaks possible!
[    0.080005] RETBleed: Vulnerable
[    0.084003] Speculative Store Bypass: Vulnerable
[    0.088150] MDS: Mitigation: Clear CPU buffers
[    0.092003] MMIO Stale Data: Mitigation: Clear CPU buffers
[    0.096021] SRBDS: Unknown: Dependent on hypervisor status
[    0.100199] Freeing SMP alternatives memory: 36K
[    0.218174] APIC calibration not consistent with PM-Timer: 101ms instead of 100ms
[    0.220000] APIC delta adjusted to PM-Timer: 6264314 (6346759)
[    0.220273] smpboot: CPU0: Intel(R) Core(TM) i9-9880H CPU @ 2.30GHz (family: 0x6, model: 0x9e, stepping: 0xd)
[    0.224197] Performance Events: unsupported p6 CPU model 158 no PMU driver, software events only.
[    0.228126] Hierarchical SRCU implementation.
[    0.232701] NMI watchdog: Perf event create on CPU 0 failed with -2
[    0.236005] NMI watchdog: Perf NMI watchdog permanently disabled
[    0.240185] smp: Bringing up secondary CPUs ...
[    0.244515] x86: Booting SMP configuration:
[    0.248008] .... node  #0, CPUs:      #1
[    0.004000] kvm-clock: cpu 1, msr 0:3ff44041, secondary cpu clock
[    0.252103] smp: Brought up 1 node, 2 CPUs
[    0.256008] smpboot: Max logical packages: 1
[    0.260006] smpboot: Total of 2 processors activated (9252.80 BogoMIPS)
[    0.266188] devtmpfs: initialized
[    0.268087] x86/mm: Memory block size: 128MB
[    0.272234] evm: security.selinux
[    0.276004] evm: security.SMACK64
[    0.278617] evm: security.SMACK64EXEC
[    0.280005] evm: security.SMACK64TRANSMUTE
[    0.284004] evm: security.SMACK64MMAP
[    0.288003] evm: security.apparmor
[    0.290826] evm: security.ima
[    0.292009] evm: security.capability
[    0.296191] clocksource: jiffies: mask: 0xffffffff max_cycles: 0xffffffff, max_idle_ns: 7645041785100000 ns
[    0.304098] futex hash table entries: 512 (order: 3, 32768 bytes)
[    0.308104] pinctrl core: initialized pinctrl subsystem
[    0.312638] RTC time: 17:14:23, date: 05/31/25
[    0.316802] NET: Registered protocol family 16
[    0.320108] audit: initializing netlink subsys (disabled)
[    0.324092] audit: type=2000 audit(1748711668.327:1): state=initialized audit_enabled=0 res=1
[    0.328017] cpuidle: using governor ladder
[    0.332013] cpuidle: using governor menu
[    0.336080] ACPI: bus type PCI registered
[    0.339194] acpiphp: ACPI Hot Plug PCI Controller Driver version: 0.5
[    0.340499] PCI: Using configuration type 1 for base access
[    0.348184] HugeTLB registered 2.00 MiB page size, pre-allocated 0 pages
[    0.356245] ACPI: Added _OSI(Module Device)
[    0.360007] ACPI: Added _OSI(Processor Device)
[    0.364004] ACPI: Added _OSI(3.0 _SCP Extensions)
[    0.367847] ACPI: Added _OSI(Processor Aggregator Device)
[    0.368008] ACPI: Added _OSI(Linux-Dell-Video)
[    0.371327] ACPI: Added _OSI(Linux-Lenovo-NV-HDMI-Audio)
[    0.372005] ACPI: Added _OSI(Linux-HPI-Hybrid-Graphics)
[    0.376753] ACPI: Executed 1 blocks of module-level executable AML code
[    0.385986] ACPI: Interpreter enabled
[    0.388028] ACPI: (supports S0 S5)
[    0.391215] ACPI: Using IOAPIC for interrupt routing
[    0.396094] PCI: Using host bridge windows from ACPI; if necessary, use "pci=nocrs" and report a bug
[    0.400400] ACPI: Enabled 2 GPEs in block 00 to 07
[    0.419980] ACPI: PCI Root Bridge [PCI0] (domain 0000 [bus 00-ff])
[    0.420022] acpi PNP0A03:00: _OSC: OS supports [ASPM ClockPM Segments MSI]
[    0.428076] acpi PNP0A03:00: _OSC: not requesting OS control; OS requires [ExtendedConfig ASPM ClockPM MSI]
[    0.432022] acpi PNP0A03:00: fail to add MMCONFIG information, can't access extended PCI configuration space under this bridge.
[    0.436937] PCI host bridge to bus 0000:00
[    0.440013] pci_bus 0000:00: root bus resource [io  0x0000-0x0cf7 window]
[    0.444009] pci_bus 0000:00: root bus resource [io  0x0d00-0xffff window]
[    0.448009] pci_bus 0000:00: root bus resource [mem 0x000a0000-0x000bffff window]
[    0.452022] pci_bus 0000:00: root bus resource [mem 0x40000000-0xfdffffff window]
[    0.456013] pci_bus 0000:00: root bus resource [bus 00-ff]
[    0.468000] pci 0000:00:01.1: legacy IDE quirk: reg 0x10: [io  0x01f0-0x01f7]
[    0.468012] pci 0000:00:01.1: legacy IDE quirk: reg 0x14: [io  0x03f6]
[    0.472008] pci 0000:00:01.1: legacy IDE quirk: reg 0x18: [io  0x0170-0x0177]
[    0.480006] pci 0000:00:01.1: legacy IDE quirk: reg 0x1c: [io  0x0376]
[    0.556465] pci 0000:00:07.0: quirk: [io  0x4000-0x403f] claimed by PIIX4 ACPI
[    0.560042] pci 0000:00:07.0: quirk: [io  0x4100-0x410f] claimed by PIIX4 SMB
[    0.583109] ACPI: PCI Interrupt Link [LNKA] (IRQs 5 9 10 *11)
[    0.584663] ACPI: PCI Interrupt Link [LNKB] (IRQs 5 9 *10 11)
[    0.588237] ACPI: PCI Interrupt Link [LNKC] (IRQs 5 *9 10 11)
[    0.596026] ACPI: PCI Interrupt Link [LNKD] (IRQs 5 9 10 *11)
[    0.600469] SCSI subsystem initialized
[    0.603273] pci 0000:00:02.0: vgaarb: setting as boot VGA device
[    0.604000] pci 0000:00:02.0: vgaarb: VGA device added: decodes=io+mem,owns=io+mem,locks=none
[    0.604007] pci 0000:00:02.0: vgaarb: bridge control possible
[    0.608003] vgaarb: loaded
[    0.612048] ACPI: bus type USB registered
[    0.615062] usbcore: registered new interface driver usbfs
[    0.616023] usbcore: registered new interface driver hub
[    0.620014] usbcore: registered new device driver usb
[    0.624140] EDAC MC: Ver: 3.0.0
[    0.628851] PCI: Using ACPI for IRQ routing
[    0.632858] NetLabel: Initializing
[    0.636003] NetLabel:  domain hash size = 128
[    0.640003] NetLabel:  protocols = UNLABELED CIPSOv4 CALIPSO
[    0.644023] NetLabel:  unlabeled traffic allowed by default
[    0.648188] clocksource: Switched to clocksource kvm-clock
[    0.666193] VFS: Disk quotas dquot_6.6.0
[    0.673803] VFS: Dquot-cache hash table entries: 512 (order 0, 4096 bytes)
[    0.677751] AppArmor: AppArmor Filesystem Enabled
[    0.683015] pnp: PnP ACPI init
[    0.686960] pnp: PnP ACPI: found 3 devices
[    0.712364] clocksource: acpi_pm: mask: 0xffffff max_cycles: 0xffffff, max_idle_ns: 2085701024 ns
[    0.716323] NET: Registered protocol family 2
[    0.722688] IP idents hash table entries: 16384 (order: 5, 131072 bytes)
[    0.728211] TCP established hash table entries: 8192 (order: 4, 65536 bytes)
[    0.733671] TCP bind hash table entries: 8192 (order: 5, 131072 bytes)
[    0.737559] TCP: Hash tables configured (established 8192 bind 8192)
[    0.744077] UDP hash table entries: 512 (order: 2, 16384 bytes)
[    0.747879] UDP-Lite hash table entries: 512 (order: 2, 16384 bytes)
[    0.754208] NET: Registered protocol family 1
[    0.758014] pci 0000:00:00.0: Limiting direct PCI/PCI transfers
[    0.762795] pci 0000:00:01.0: Activating ISA DMA hang workarounds
[    0.766693] pci 0000:00:02.0: Video device with shadowed ROM at [mem 0x000c0000-0x000dffff]
[    0.774557] Unpacking initramfs...
[    1.169575] Freeing initrd memory: 19528K
[    1.173678] clocksource: tsc: mask: 0xffffffffffffffff max_cycles: 0x2157eacbecb, max_idle_ns: 440795309171 ns
[    1.181511] platform rtc_cmos: registered platform RTC device (no PNP device found)
[    1.187523] Scanning for low memory corruption every 60 seconds
[    1.193418] Initialise system trusted keyrings
[    1.196766] Key type blacklist registered
[    1.199931] workingset: timestamp_bits=36 max_order=18 bucket_order=0
[    1.206380] zbud: loaded
[    1.209369] squashfs: version 4.0 (2009/01/31) Phillip Lougher
[    1.214209] fuse init (API version 7.26)
[    1.224669] Key type asymmetric registered
[    1.227629] Asymmetric key parser 'x509' registered
[    1.231243] Block layer SCSI generic (bsg) driver version 0.4 loaded (major 246)
[    1.236733] io scheduler noop registered
[    1.239847] io scheduler deadline registered
[    1.243132] io scheduler cfq registered (default)
[    1.247616] ACPI: AC Adapter [AC] (on-line)
[    1.250802] input: Power Button as /devices/LNXSYSTM:00/LNXPWRBN:00/input/input0
[    1.256268] ACPI: Power Button [PWRF]
[    1.259326] input: Sleep Button as /devices/LNXSYSTM:00/LNXSLPBN:00/input/input1
[    1.265577] ACPI: Sleep Button [SLPF]
[    1.270639] ACPI: Battery Slot [BAT0] (battery present)
[    1.274631] Serial: 8250/16550 driver, 32 ports, IRQ sharing enabled
[    1.306127] 00:02: ttyS0 at I/O 0x3f8 (irq = 4, base_baud = 115200) is a 16550A
[    1.309274] Linux agpgart interface v0.103
[    1.320535] loop: module loaded
[    1.325473] scsi host0: ata_piix
[    1.328859] scsi host1: ata_piix
[    1.331568] ata1: PATA max UDMA/33 cmd 0x1f0 ctl 0x3f6 bmdma 0xd000 irq 14
[    1.332841] ata2: PATA max UDMA/33 cmd 0x170 ctl 0x376 bmdma 0xd008 irq 15
[    1.342730] tun: Universal TUN/TAP device driver, 1.6
[    1.348157] PPP generic driver version 2.4.2
[    1.351894] ehci_hcd: USB 2.0 'Enhanced' Host Controller (EHCI) Driver
[    1.355810] ehci-pci: EHCI PCI platform driver
[    1.361079] ehci-platform: EHCI generic platform driver
[    1.365640] ohci_hcd: USB 1.1 'Open' Host Controller (OHCI) Driver
[    1.371281] ohci-pci: OHCI PCI platform driver
[    1.375042] ohci-platform: OHCI generic platform driver
[    1.379342] uhci_hcd: USB Universal Host Controller Interface driver
[    1.385145] i8042: PNP: PS/2 Controller [PNP0303:PS2K,PNP0f03:PS2M] at 0x60,0x64 irq 1,12
[    1.394868] serio: i8042 KBD port at 0x60,0x64 irq 1
[    1.399401] serio: i8042 AUX port at 0x60,0x64 irq 12
[    1.403332] mousedev: PS/2 mouse device common for all mice
[    1.410540] input: AT Translated Set 2 keyboard as /devices/platform/i8042/serio0/input/input2
[    1.419825] rtc_cmos rtc_cmos: rtc core: registered rtc_cmos as rtc0
[    1.426004] rtc_cmos rtc_cmos: alarms up to one day, 114 bytes nvram
[    1.431141] i2c /dev entries driver
[    1.434682] device-mapper: uevent: version 1.0.3
[    1.435104] device-mapper: ioctl: 4.37.0-ioctl (2017-09-20) initialised: dm-devel@redhat.com
[    1.446367] ledtrig-cpu: registered to indicate activity on CPUs
[    1.453101] NET: Registered protocol family 10
[    1.464094] Segment Routing with IPv6
[    1.467683] NET: Registered protocol family 17
[    1.472368] Key type dns_resolver registered
[    1.476538] mce: Using 0 MCE banks
[    1.479444] RAS: Correctable Errors collector initialized.
[    1.480412] sched_clock: Marking stable (1476412819, 0)->(2134018718, -657605899)
[    1.491789] registered taskstats version 1
[    1.495244] Loading compiled-in X.509 certificates
[    1.503082] Loaded X.509 cert 'Build time autogenerated kernel key: b5b26778eaa3ab3a4a6cee031137706e947d12ad'
[    1.529714] Loaded X.509 cert 'Canonical Ltd. Live Patch Signing: 14df34d1a87cf37625abec039ef2bf521249b969'
[    1.538655] Loaded X.509 cert 'Canonical Ltd. Kernel Module Signing: 88f752e560a1e0737e31163a466ad7b70a850c19'
[    1.547660] blacklist: Loading compiled-in revocation X.509 certificates
[    1.553430] Loaded X.509 cert 'Canonical Ltd. Secure Boot Signing: 61482aa2830d0ab2ad5af10b7250da9033ddcef0'
[    1.561732] Loaded X.509 cert 'Canonical Ltd. Secure Boot Signing (2017): 242ade75ac4a15e50d50c84b0d45ff3eae707a03'
[    1.572387] Loaded X.509 cert 'Canonical Ltd. Secure Boot Signing (ESM 2018): 365188c1d374d6b07c3c8f240f8ef722433d6a8b'
[    1.580614] Loaded X.509 cert 'Canonical Ltd. Secure Boot Signing (2019): c0746fd6c5da3ae827864651ad66ae47fe24b3e8'
[    1.588781] Loaded X.509 cert 'Canonical Ltd. Secure Boot Signing (2021 v1): a8d54bbb3825cfb94fa13c9f8a594a195c107b8d'
[    1.596560] Loaded X.509 cert 'Canonical Ltd. Secure Boot Signing (2021 v2): 4cf046892d6fd3c9a5b03f98d845f90851dc6a8c'
[    1.604581] Loaded X.509 cert 'Canonical Ltd. Secure Boot Signing (2021 v3): 100437bb6de6e469b581e61cd66bce3ef4ed53af'
[    1.612697] Loaded X.509 cert 'Canonical Ltd. Secure Boot Signing (Ubuntu Core 2019): c1d57b8f6b743f23ee41f4f7ee292f06eecadfb9'
[    1.621267] zswap: loaded using pool lzo/zbud
[    1.632286] Key type big_key registered
[    1.635348] Key type trusted registered
[    1.642519] Key type encrypted registered
[    1.645899] AppArmor: AppArmor sha1 policy hashing enabled
[    1.650401] ima: No TPM chip found, activating TPM-bypass! (rc=-19)
[    1.655264] ima: Allocated hash algorithm: sha1
[    1.659118] evm: HMAC attrs: 0x1
[    1.662681]   Magic number: 9:296:240
[    1.666424] rtc_cmos rtc_cmos: setting system clock to 2025-05-31 17:14:25 UTC (1748711665)
[    1.673392] BIOS EDD facility v0.16 2004-Jun-25, 0 devices found
[    1.678199] EDD information not available.
[    1.685584] Freeing unused kernel image memory: 2480K
[    1.704416] Write protecting the kernel read-only data: 20480k
[    1.709713] Freeing unused kernel image memory: 2008K
[    1.714038] Freeing unused kernel image memory: 1820K
[    1.727558] x86/mm: Checked W+X mappings: passed, no W+X pages found.
[    1.732674] x86/mm: Checking user space page tables
[    1.745666] x86/mm: Checked W+X mappings: passed, no W+X pages found.
Loading, please wait...
starting version 237
[    1.833438] Fusion MPT base driver 3.04.20
[    1.836487] Copyright (c) 1999-2008 LSI Corporation
[    1.843936] e1000: Intel(R) PRO/1000 Network Driver - version 7.3.21-k8-NAPI
[    1.850274] e1000: Copyright (c) 1999-2006 Intel Corporation.
[    1.878444] Fusion MPT SPI Host driver 3.04.20
[    1.889746] AVX2 version of gcm_enc/dec engaged.
[    1.893898] AES CTR mode by8 optimization enabled
[    2.127875] input: ImExPS/2 Generic Explorer Mouse as /devices/platform/i8042/serio1/input/input4
[    2.423882] e1000 0000:00:03.0 eth0: (PCI:33MHz:32-bit) 02:3b:7b:b7:3b:2d
[    2.429045] e1000 0000:00:03.0 eth0: Intel(R) PRO/1000 Network Connection
[    2.435929] mptbase: ioc0: Initiating bringup
[    2.604910] ioc0: LSI53C1030 A0: Capabilities={Initiator}
[    2.937419] scsi host2: ioc0: LSI53C1030 A0, FwRev=00000000h, Ports=1, MaxQ=256, IRQ=20
[    3.137603] scsi 2:0:0:0: Direct-Access     VBOX     HARDDISK         1.0  PQ: 0 ANSI: 5
[    3.181624] scsi target2:0:0: Beginning Domain Validation
[    3.200975] scsi target2:0:0: Domain Validation skipping write tests
[    3.205543] scsi target2:0:0: Ending Domain Validation
[    3.227555] scsi target2:0:0: asynchronous
[    3.231583] scsi 2:0:1:0: Direct-Access     VBOX     HARDDISK         1.0  PQ: 0 ANSI: 5
[    3.314583] scsi target2:0:1: Beginning Domain Validation
[    3.331816] scsi target2:0:1: Domain Validation skipping write tests
[    3.336997] scsi target2:0:1: Ending Domain Validation
[    3.341731] scsi target2:0:1: asynchronous
[    3.363169] sd 2:0:0:0: Attached scsi generic sg0 type 0
[    3.368359] sd 2:0:1:0: Attached scsi generic sg1 type 0
[    3.374715] sd 2:0:1:0: [sdb] 20480 512-byte logical blocks: (10.5 MB/10.0 MiB)
[    3.375632] sd 2:0:0:0: [sda] 83886080 512-byte logical blocks: (42.9 GB/40.0 GiB)
[    3.388651] sd 2:0:0:0: [sda] Write Protect is off
[    3.393626] sd 2:0:1:0: [sdb] Write Protect is off
[    3.398265] sd 2:0:0:0: [sda] Incomplete mode parameter data
[    3.403672] sd 2:0:0:0: [sda] Assuming drive cache: write through
[    3.408497] sd 2:0:1:0: [sdb] Incomplete mode parameter data
[    3.413118] sd 2:0:1:0: [sdb] Assuming drive cache: write through
[    3.422094]  sda: sda1
[    3.426324] sd 2:0:1:0: [sdb] Attached SCSI disk
[    3.432499] sd 2:0:0:0: [sda] Attached SCSI disk
[    3.737228] e1000 0000:00:08.0 eth1: (PCI:33MHz:32-bit) 08:00:27:c7:ca:b4
[    3.741976] e1000 0000:00:08.0 eth1: Intel(R) PRO/1000 Network Connection
[    3.749009] e1000 0000:00:08.0 enp0s8: renamed from eth1
[    3.764297] e1000 0000:00:03.0 enp0s3: renamed from eth0
Begin: Loading essential drivers ... [    5.712859] raid6: sse2x1   gen()  9512 MB/s
[    5.764155] raid6: sse2x1   xor()  5465 MB/s
[    5.812245] raid6: sse2x2   gen() 11066 MB/s
[    5.864037] raid6: sse2x2   xor()  6967 MB/s
[    5.912441] raid6: sse2x4   gen() 11576 MB/s
[    5.960186] raid6: sse2x4   xor()  7378 MB/s
[    6.008094] raid6: avx2x1   gen() 18843 MB/s
[    6.056039] raid6: avx2x1   xor() 10718 MB/s
[    6.104730] raid6: avx2x2   gen() 21977 MB/s
[    6.152820] raid6: avx2x2   xor() 14405 MB/s
[    6.200201] raid6: avx2x4   gen() 24150 MB/s
[    6.248465] raid6: avx2x4   xor() 14959 MB/s
[    6.251634] raid6: using algorithm avx2x4 gen() 24150 MB/s
[    6.255498] raid6: .... xor() 14959 MB/s, rmw enabled
[    6.259156] raid6: using avx2x2 recovery algorithm
[    6.265278] xor: automatically using best checksumming function   avx       
[    6.271746] async_tx: api initialized (async)
done.
Begin: Running /scripts/init-premount ... done.
Begin: Mounting root file system ... Begin: Running /scripts/local-top ... done.
Begin: Running /scripts/local-premount ... [    6.337173] Btrfs loaded, crc32c=crc32c-intel
Scanning for Btrfs filesystems
done.
Warning: fsck not present, so skipping root file system
[    6.384196] EXT4-fs (sda1): mounted filesystem with ordered data mode. Opts: (null)
done.
Begin: Running /scripts/local-bottom ... done.
Begin: Running /scripts/init-bottom ... done.
[    6.639529] ip_tables: (C) 2000-2006 Netfilter Core Team
[    6.659486] systemd[1]: systemd 237 running in system mode. (+PAM +AUDIT +SELINUX +IMA +APPARMOR +SMACK +SYSVINIT +UTMP +LIBCRYPTSETUP +GCRYPT +GNUTLS +ACL +XZ +LZ4 +SECCOMP +BLKID +ELFUTILS +KMOD -IDN2 +IDN -PCRE2 default-hierarchy=hybrid)
[    6.675287] systemd[1]: Detected virtualization oracle.
[    6.679285] systemd[1]: Detected architecture x86-64.

Welcome to [1mUbuntu 18.04.6 LTS[0m!

[    6.701394] systemd[1]: Set hostname to <client>.
[    7.087917] systemd[1]: Created slice System Slice.
[[0;32m  OK  [0m] Created slice System Slice.
[    7.094040] systemd[1]: Listening on Device-mapper event daemon FIFOs.
[[0;32m  OK  [0m] Listening on Device-mapper event daemon FIFOs.
[    7.101633] systemd[1]: Reached target System Time Synchronized.
[[0;32m  OK  [0m] Reached target System Time Synchronized.
[    7.108577] systemd[1]: Listening on udev Control Socket.
[[0;32m  OK  [0m] Listening on udev Control Socket.
[    7.115170] systemd[1]: Started Forward Password Requests to Wall Directory Watch.
[[0;32m  OK  [0m] Started Forward Password Requests to Wall Directory Watch.
[    7.123926] systemd[1]: Listening on Syslog Socket.
[[0;32m  OK  [0m] Listening on Syslog Socket.
[[0;32m  OK  [0m] Listening on /dev/initctl Compatibility Named Pipe.
[[0;32m  OK  [0m] Created slice system-serial\x2dgetty.slice.
[[0;32m  OK  [0m] Listening on udev Kernel Socket.
[[0;32m  OK  [0m] Listening on Journal Socket.
         Mounting Kernel Debug File System...
         Starting Load Kernel Modules...
         Mounting POSIX Message Queue File System...
[[0;32m  OK  [0m] Listening on Network Service Netlink Socket.
[[0;32m  OK  [0m] Listening on Journal Socket (/dev/log).
[[0;32m  OK  [0m] Reached target Swap.
[[0;32m  OK  [0m] Reached target User and Group Name Lookups.
[[0;32m  OK  [0m] Listening on LVM2 metadata daemon socket.
[[0;32m  OK  [0m] Listening on Journal Audit Socket.
[[0;32m  OK  [0m] Reached target Mounting snaps.
[[0;32m  OK  [0m] Reached target Mounted snaps.
         Starting Monitoring of LVM2 mirrorsâ€¦ng dmeventd or progress polling...
         Starting Set the console keyboard layout...
         Starting Create list of required stâ€¦ce nodes for the current kernel...
[[0;32m  OK  [0m] Listening on LVM2 poll daemon socket.
[[0;32m  OK  [0m] Set up automount Arbitrary Executabâ€¦rmats File System Automount Point.
[    7.211460] Loading iSCSI transport class v2.0-870.
[[0;32m  OK  [0m] Listening on fsck to fsckd communication Socket.
         Starting File System Check on Root Device...
         Starting Journal Service...
         Starting udev Coldplug all Devices...
         Mounting Huge Pages File System...
         Starting Uncomplicated firewall...
[[0;32m  OK  [0m] Created slice User and Session Slice.
[[0;32m  OK  [0m] Reached target Slices.
[[0;32m  OK  [0m] Mounted Kernel Debug File System.[    7.297774] iscsi: registered transport (tcp)

[[0;32m  OK  [0m] Mounted POSIX Message Queue File System.
[[0;32m  OK  [0m] Started Create list of required staâ€¦vice nodes for the current kernel.
[[0;32m  OK  [0m] Mounted Huge Pages File System.
[[0;32m  OK  [0m] Started File System Check Daemon to report status.
[[0;32m  OK  [0m] Started LVM2 metadata daemon.
         Starting Create Static Device Nodes in /dev...
[[0;32m  OK  [0m] Started Uncomplicated firewall.
[[0;32m  OK  [0m] Started Journal Service.
[[0;32m  OK  [0m] Started udev Coldplug all Devices.
[[0;32m  OK  [0m] Started Create Static Device Nodes in /dev.
[[0;32m  OK  [0m] Started File System Check on Root Device.
         Starting Remount Root and Kernel File Systems...
[    7.435315] iscsi: registered transport (iser)
[[0;32m  OK  [0m] Started Load Kernel Modules.
         Mounting Kernel Configuration File System...
         Starting Apply Kernel Variables...
         Mounting FUSE Control File System...
[[0;32m  OK  [0m] Started Monitoring of LVM2 mirrors,â€¦sing dmeventd or progress polling.
[[0;32m  OK  [0m] Mounted Kernel Configuration File System.
[[0;32m  OK  [0m] Mounted FUSE Control File System.
[[0;32m  OK  [0m] Started Remount Root and Kernel File Systems.
         Starting Load/Save Random Seed...
         Starting udev Kernel Device Manager...
         Starting Flush Journal to Persistent Storage...
[[0;32m  OK  [0m] Started Apply Kernel Variables.
[[0;32m  OK  [0m] Started Load/Save Random Seed.
[[0;32m  OK  [0m] Started Set the console keyboard layout.
[[0;32m  OK  [0m] Reached target Local File Systems (Pre).
[[0;32m  OK  [0m] Reached target Local File Systems.
         Starting AppArmor initialization...
         Starting Tell Plymouth To Write Out Runtime Data...
         Starting Set console font and keymap...
         Starting ebtables ruleset management...
[[0;32m  OK  [0m] Started Tell Plymouth To Write Out Runtime Data.
[[0;32m  OK  [0m] Started Set console font and keymap.
[[0;32m  OK  [0m] Started udev Kernel Device Manager.
[[0;32m  OK  [0m] Started Dispatch Password Requests to Console Directory Watch.
[[0;32m  OK  [0m] Reached target Local Encrypted Volumes.
[[0;32m  OK  [0m] Started Flush Journal to Persistent Storage.
         Starting Create Volatile Files and Directories...
[[0;32m  OK  [0m] Started ebtables ruleset management.
[[0;32m  OK  [0m] Started Create Volatile Files and Directories.
         Starting Update UTMP about System Boot/Shutdown...
[[0;32m  OK  [0m] Started Update UTMP about System Boot/Shutdown.
[[0;32m  OK  [0m] Started AppArmor initialization.
         Starting Initial cloud-init job (pre-networking)...
         Starting Load AppArmor profiles managed internally by snapd...
[[0;32m  OK  [0m] Found device /dev/ttyS0.
         Mounting Arbitrary Executable File Formats File System...
[[0;32m  OK  [0m] Mounted Arbitrary Executable File Formats File System.
[[0;32m  OK  [0m] Started Load AppArmor profiles managed internally by snapd.
[[0;32m  OK  [0m] Listening on Load/Save RF Kill Switch Status /dev/rfkill Watch.
[    9.620427] cloud-init[537]: Cloud-init v. 23.1.2-0ubuntu0~18.04.1 running 'init-local' at Sat, 31 May 2025 17:14:33 +0000. Up 9.41 seconds.
[[0;32m  OK  [0m] Started Initial cloud-init job (pre-networking).
[[0;32m  OK  [0m] Reached target Network (Pre).
         Starting Network Service...
[[0;32m  OK  [0m] Started Network Service.
         Starting Network Name Resolution...
         Starting Wait for Network to be Configured...
[[0;32m  OK  [0m] Started Network Name Resolution.
[[0;32m  OK  [0m] Reached target Network.
[[0;32m  OK  [0m] Reached target Host and Network Name Lookups.
[[0;32m  OK  [0m] Started Wait for Network to be Configured.
         Starting Initial cloud-init job (metadata service crawler)...
[   11.572173] cloud-init[679]: Cloud-init v. 23.1.2-0ubuntu0~18.04.1 running 'init' at Sat, 31 May 2025 17:14:35 +0000. Up 11.40 seconds.
[   11.576443] cloud-init[679]: ci-info: +++++++++++++++++++++++++++++++++++++++++++Net device info++++++++++++++++++++++++++++++++++++++++++++
[   11.580626] cloud-init[679]: ci-info: +--------+------+---------------------------------------+---------------+--------+-------------------+
[   11.584712] cloud-init[679]: ci-info: | Device |  Up  |                Address                |      Mask     | Scope  |     Hw-Address    |
[   11.589014] cloud-init[679]: ci-info: +--------+------+---------------------------------------+---------------+--------+-------------------+
[   11.593090] cloud-init[679]: ci-info: | enp0s3 | True |               10.0.2.15               | 255.255.255.0 | global | 02:3b:7b:b7:3b:2d |
[   11.597054] cloud-init[679]: ci-info: | enp0s3 | True | fd17:625c:f037:2:3b:7bff:feb7:3b2d/64 |       .       | global | 02:3b:7b:b7:3b:2d |
[   11.601086] cloud-init[679]: ci-info: | enp0s3 | True |       fe80::3b:7bff:feb7:3b2d/64      |       .       |  link  | 02:3b:7b:b7:3b:2d |
[   11.605159] cloud-init[679]: ci-info: | enp0s8 | True |             192.168.56.11             | 255.255.255.0 | global | 08:00:27:c7:ca:b4 |
[   11.609852] cloud-init[679]: ci-info: | enp0s8 | True |      fe80::a00:27ff:fec7:cab4/64      |       .       |  link  | 08:00:27:c7:ca:b4 |
[   11.613888] cloud-init[679]: ci-info: |   lo   | True |               127.0.0.1               |   255.0.0.0   |  host  |         .         |
[   11.618532] cloud-init[679]: ci-info: |   lo   | True |                ::1/128                |       .       |  host  |         .         |
[   11.622588] cloud-init[679]: ci-info: +--------+------+---------------------------------------+---------------+--------+-------------------+
[   11.626559] cloud-init[679]: ci-info: +++++++++++++++++++++++++++++Route IPv4 info+++++++++++++++++++++++++++++
[   11.629826] cloud-init[679]: ci-info: +-------+--------------+----------+-----------------+-----------+-------+
[   11.633081] cloud-init[679]: ci-info: | Route | Destination  | Gateway  |     Genmask     | Interface | Flags |
[   11.636578] cloud-init[679]: ci-info: +-------+--------------+----------+-----------------+-----------+-------+
[   11.640163] cloud-init[679]: ci-info: |   0   |   0.0.0.0    | 10.0.2.2 |     0.0.0.0     |   enp0s3  |   UG  |
[   11.643399] cloud-init[679]: ci-info: |   1   |   10.0.2.0   | 0.0.0.0  |  255.255.255.0  |   enp0s3  |   U   |
[   11.646722] cloud-init[679]: ci-info: |   2   |   10.0.2.2   | 0.0.0.0  | 255.255.255.255 |   enp0s3  |   UH  |
[   11.650222] cloud-init[679]: ci-info: |   3   | 192.168.56.0 | 0.0.0.0  |  255.255.255.0  |   enp0s8  |   U   |
[   11.653502] cloud-init[679]: ci-info: +-------+--------------+----------+-----------------+-----------+-------+
[   11.656809] cloud-init[679]: ci-info: ++++++++++++++++++++++++Route IPv6 info++++++++++++++++++++++++
[   11.659724] cloud-init[679]: ci-info: +-------+-----------------------+---------+-----------+-------+
[   11.663214] cloud-init[679]: ci-info: | Route |      Destination      | Gateway | Interface | Flags |
[   11.666186] cloud-init[679]: ci-info: +-------+-----------------------+---------+-----------+-------+
[   11.669162] cloud-init[679]: ci-info: |   1   | fd17:625c:f037:2::/64 |    ::   |   enp0s3  |   U   |
[   11.672284] cloud-init[679]: ci-info: |   2   |       fe80::/64       |    ::   |   enp0s8  |   U   |
[   11.675217] cloud-init[679]: ci-info: |   3   |       fe80::/64       |    ::   |   enp0s3  |   U   |
[   11.678292] cloud-init[679]: ci-info: |   4   |          ::/0         | fe80::2 |   enp0s3  |   UG  |
[   11.681513] cloud-init[679]: ci-info: |   6   |         local         |    ::   |   enp0s3  |   U   |
[   11.684499] cloud-init[679]: ci-info: |   7   |         local         |    ::   |   enp0s8  |   U   |
[   11.687447] cloud-init[679]: ci-info: |   8   |        ff00::/8       |    ::   |   enp0s8  |   U   |
[   11.690391] cloud-init[679]: ci-info: |   9   |        ff00::/8       |    ::   |   enp0s3  |   U   |
[   11.693383] cloud-init[679]: ci-info: +-------+-----------------------+---------+-----------+-------+
[[0;32m  OK  [0m] Started Initial cloud-init job (metadata service crawler).
[[0;32m  OK  [0m] Reached target Network is Online.
[[0;32m  OK  [0m] Reached target Remote File Systems (Pre).
         Mounting /vagrant...
         Starting Availability of block devices...
[[0;32m  OK  [0m] Reached target System Initialization.
[[0;32m  OK  [0m] Started Discard unused blocks once a week.
[[0;32m  OK  [0m] Started ACPI Events Check.
[[0;32m  OK  [0m] Listening on Open-iSCSI iscsid Socket.
[[0;32m  OK  [0m] Listening on D-Bus System Message Bus Socket.
[[0;32m  OK  [0m] Started Daily apt download activities.
[[0;32m  OK  [0m] Started Daily Cleanup of Temporary Directories.
[[0;32m  OK  [0m] Started Ubuntu Advantage Timer for running repeated jobs.
[[0;32m  OK  [0m] Started Message of the Day.
[[0;32m  OK  [0m] Listening on ACPID Listen Socket.
[[0;32m  OK  [0m] Listening on cloud-init hotplug hook socket.
         Starting LXD - unix socket.
[[0;32m  OK  [0m] Reached target Paths.
[[0;32m  OK  [0m] Listening on UUID daemon activation socket.
         Starting Socket activation for snappy daemon.
[[0;32m  OK  [0m] Started Daily apt upgrade and clean activities.
[[0;32m  OK  [0m] Reached target Timers.
[[0;32m  OK  [0m] Reached target Cloud-config availability.
[[0;32m  OK  [0m] Mounted /vagrant.
[[0;32m  OK  [0m] Started Availability of block devices.
[[0;32m  OK  [0m] Listening on LXD - unix socket.
[[0;32m  OK  [0m] Listening on Socket activation for snappy daemon.
[[0;32m  OK  [0m] Reached target Sockets.
[[0;32m  OK  [0m] Reached target Basic System.
[[0;32m  OK  [0m] Started FUSE filesystem for LXC.
[[0;32m  OK  [0m] Started irqbalance daemon.
[[0;32m  OK  [0m] Started D-Bus System Message Bus.
         Starting System Logging Service...
[[0;32m  OK  [0m] Started Deferred execution scheduler.
         Starting Snap Daemon...
[[0;32m  OK  [0m] Started Regular background program processing daemon.
         Starting Login Service...
         Starting Dispatcher daemon for systemd-networkd...
         Starting LSB: Record successful boot for GRUB...
         Starting Virtualbox guest utils...
         Starting OpenBSD Secure Shell server...
[[0;32m  OK  [0m] Reached target Login Prompts (Pre).
         Starting Accounts Service...
         Starting LXD - container startup/shutdown...
[[0;32m  OK  [0m] Reached target Remote File Systems.
         Starting Permit User Sessions...
         Starting LSB: automatic crash report generation...
[[0;32m  OK  [0m] Started System Logging Service.
[[0;32m  OK  [0m] Started Permit User Sessions.
[[0;32m  OK  [0m] Started Login Service.
[[0;32m  OK  [0m] Started Unattended Upgrades Shutdown.
         Starting Terminate Plymouth Boot Screen...
         Starting Hold until boot process finishes up...
         Starting Hostname Service...
[[0;32m  OK  [0m] Started Terminate Plymouth Boot Screen.
[[0;32m  OK  [0m] Started Hold until boot process finishes up.
[[0;32m  OK  [0m] Started Serial Getty on ttyS0.
         Starting Set console scheme...
[[0;32m  OK  [0m] Started Virtualbox guest utils.
[[0;32m  OK  [0m] Started Set console scheme.
[[0;32m  OK  [0m] Created slice system-getty.slice.
[[0;32m  OK  [0m] Started Getty on tty1.
[[0;32m  OK  [0m] Reached target Login Prompts.
         Starting Authorization Manager...
[[0;32m  OK  [0m] Started Hostname Service.
[[0;32m  OK  [0m] Started OpenBSD Secure Shell server.
[[0;32m  OK  [0m] Started LSB: automatic crash report generation.
[[0;32m  OK  [0m] Started Authorization Manager.
[[0;32m  OK  [0m] Started LSB: Record successful boot for GRUB.
[[0;32m  OK  [0m] Started LXD - container startup/shutdown.
[[0;32m  OK  [0m] Started Accounts Service.
[[0;32m  OK  [0m] Created slice User Slice of vagrant.
         Starting User Manager for UID 1000...
[[0;32m  OK  [0m] Started Session 1 of user vagrant.
[[0;32m  OK  [0m] Started Dispatcher daemon for systemd-networkd.
[[0;32m  OK  [0m] Started User Manager for UID 1000.
[[0;32m  OK  [0m] Started Snap Daemon.
         Starting Wait until snapd is fully seeded...
         Starting Time & Date Service...
[[0;32m  OK  [0m] Started Time & Date Service.
[[0;32m  OK  [0m] Started Wait until snapd is fully seeded.
         Starting Apply the settings specified in cloud-config...
[   14.488961] cloud-init[1256]: Cloud-init v. 23.1.2-0ubuntu0~18.04.1 running 'modules:config' at Sat, 31 May 2025 17:14:38 +0000. Up 14.36 seconds.
[[0;32m  OK  [0m] Started Apply the settings specified in cloud-config.
[[0;32m  OK  [0m] Reached target Multi-User System.
[[0;32m  OK  [0m] Reached target Graphical Interface.
         Starting Execute cloud user/final scripts...
         Starting Update UTMP about System Runlevel Changes...
[[0;32m  OK  [0m] Started Update UTMP about System Runlevel Changes.
[   15.270934] cloud-init[1324]: Cloud-init v. 23.1.2-0ubuntu0~18.04.1 running 'modules:final' at Sat, 31 May 2025 17:14:38 +0000. Up 15.11 seconds.
[   15.275053] cloud-init[1324]: Cloud-init v. 23.1.2-0ubuntu0~18.04.1 finished at Sat, 31 May 2025 17:14:39 +0000. Datasource DataSourceNoCloud [seed=/dev/sdb][dsmode=net].  Up 15.26 seconds
[[0;32m  OK  [0m] Started Execute cloud user/final scripts.
[[0;32m  OK  [0m] Reached target Cloud-init target.

Ubuntu 18.04.6 LTS client ttyS0

client login: [[0;32m  OK  [0m] Stopped Unattended Upgrades Shutdown.
         Stopping Session 6 of user vagrant.
         Stopping Availability of block devices...
         Stopping Authorization Manager...
         Stopping User Manager for UID 1000...
[[0;32m  OK  [0m] Stopped target Cloud-init target.
[[0;32m  OK  [0m] Stopped Execute cloud user/final scripts.
[[0;32m  OK  [0m] Stopped Apply the settings specified in cloud-config.
[[0;32m  OK  [0m] Stopped target Timers.
[[0;32m  OK  [0m] Stopped Discard unused blocks once a week.
[[0;32m  OK  [0m] Stopped Daily apt upgrade and clean activities.
[[0;32m  OK  [0m] Stopped Daily apt download activities.
[[0;32m  OK  [0m] Stopped target Graphical Interface.
[[0;32m  OK  [0m] Stopped target Multi-User System.
         Stopping LXD - container startup/shutdown...
         Stopping OpenBSD Secure Shell server...
[[0;32m  OK  [0m] Stopped Wait until snapd is fully seeded.
         Stopping Regular background program processing daemon...
         Stopping FUSE filesystem for LXC...
         Stopping D-Bus System Message Bus...
[[0;32m  OK  [0m] Stopped target Login Prompts.
         Stopping Serial Getty on ttyS0...
         Stopping Getty on tty1...
         Stopping irqbalance daemon...
         Stopping System Logging Service...
         Stopping Dispatcher daemon for systemd-networkd...
         Stopping Deferred execution scheduler...
         Stopping Accounts Service...
         Stopping LSB: Record successful boot for GRUB...
         Stopping LSB: automatic crash report generation...
[[0;32m  OK  [0m] Stopped target Host and Network Name Lookups.
[[0;32m  OK  [0m] Stopped Message of the Day.
[[0;32m  OK  [0m] Stopped target System Time Synchronized.
[[0;32m  OK  [0m] Stopped Daily Cleanup of Temporary Directories.
         Stopping Virtualbox guest utils...
[[0;32m  OK  [0m] Stopped target Cloud-config availability.
[[0;32m  OK  [0m] Closed Load/Save RF Kill Switch Status /dev/rfkill Watch.
[[0;32m  OK  [0m] Stopped Ubuntu Advantage Timer for running repeated jobs.
[[0;32m  OK  [0m] Unmounted /var/lib/lxcfs.
[[0;32m  OK  [0m] Stopped irqbalance daemon.
[[0;32m  OK  [0m] Stopped System Logging Service.
[[0;32m  OK  [0m] Stopped Deferred execution scheduler.
[[0;32m  OK  [0m] Stopped Regular background program processing daemon.
[[0;32m  OK  [0m] Stopped Dispatcher daemon for systemd-networkd.
[[0;32m  OK  [0m] Stopped Accounts Service.
[[0;32m  OK  [0m] Stopped Serial Getty on ttyS0.
[[0;32m  OK  [0m] Stopped OpenBSD Secure Shell server.
[[0;32m  OK  [0m] Stopped Getty on tty1.
[[0;32m  OK  [0m] Stopped Authorization Manager.
[[0;32m  OK  [0m] Stopped User Manager for UID 1000.
[[0;32m  OK  [0m] Stopped Availability of block devices.
[[0;32m  OK  [0m] Stopped D-Bus System Message Bus.
[[0;32m  OK  [0m] Stopped FUSE filesystem for LXC.
[[0;32m  OK  [0m] Stopped Session 6 of user vagrant.
[[0;32m  OK  [0m] Removed slice User Slice of vagrant.
         Stopping Login Service...
[[0;32m  OK  [0m] Removed slice system-getty.slice.
         Stopping Permit User Sessions...
[[0;32m  OK  [0m] Stopped target Login Prompts (Pre).
[[0;32m  OK  [0m] Removed slice system-serial\x2dgetty.slice.
[[0;32m  OK  [0m] Stopped LXD - container startup/shutdown.
[[0;32m  OK  [0m] Stopped Permit User Sessions.
[[0;32m  OK  [0m] Stopped LSB: Record successful boot for GRUB.
[[0;32m  OK  [0m] Stopped LSB: automatic crash report generation.
[[0;32m  OK  [0m] Stopped target Remote File Systems.
         Unmounting /vagrant...
[[0;32m  OK  [0m] Stopped Virtualbox guest utils.
[[0;32m  OK  [0m] Stopped Login Service.
[[0;32m  OK  [0m] Unmounted /vagrant.
[[0;32m  OK  [0m] Stopped target Remote File Systems (Pre).
[[0;32m  OK  [0m] Stopped target Network is Online.
[[0;32m  OK  [0m] Stopped target Network.
         Stopping Network Name Resolution...
[[0;32m  OK  [0m] Stopped target Basic System.
[[0;32m  OK  [0m] Stopped target Slices.
[[0;32m  OK  [0m] Removed slice User and Session Slice.
[[0;32m  OK  [0m] Stopped target Paths.
[[0;32m  OK  [0m] Stopped ACPI Events Check.
[[0;32m  OK  [0m] Stopped target Sockets.
[[0;32m  OK  [0m] Closed Open-iSCSI iscsid Socket.
[[0;32m  OK  [0m] Closed UUID daemon activation socket.
[[0;32m  OK  [0m] Closed cloud-init hotplug hook socket.
[[0;32m  OK  [0m] Closed ACPID Listen Socket.
[[0;32m  OK  [0m] Closed LXD - unix socket.
[[0;32m  OK  [0m] Closed Syslog Socket.
[[0;32m  OK  [0m] Closed Socket activation for snappy daemon.
[[0;32m  OK  [0m] Stopped target User and Group Name Lookups.
[[0;32m  OK  [0m] Closed D-Bus System Message Bus Socket.
[[0;32m  OK  [0m] Stopped target System Initialization.
[[0;32m  OK  [0m] Stopped target Local Encrypted Volumes.
[[0;32m  OK  [0m] Stopped Forward Password Requests to Wall Directory Watch.
[[0;32m  OK  [0m] Stopped Dispatch Password Requests to Console Directory Watch.
         Stopping Load/Save Random Seed...
         Stopping Update UTMP about System Boot/Shutdown...
[[0;32m  OK  [0m] Stopped Initial cloud-init job (metadata service crawler).
[[0;32m  OK  [0m] Stopped Network Name Resolution.
[[0;32m  OK  [0m] Stopped Load/Save Random Seed.
[[0;32m  OK  [0m] Stopped Update UTMP about System Boot/Shutdown.
         Stopping Network Service...
[[0;32m  OK  [0m] Stopped Create Volatile Files and Directories.
[[0;32m  OK  [0m] Stopped target Local File Systems.
[[0;32m  OK  [0m] Stopped target Mounted snaps.
[[0;32m  OK  [0m] Stopped target Mounting snaps.
         Unmounting /run/user/1000...
[[0;32m  OK  [0m] Unmounted /run/user/1000.
[[0;32m  OK  [0m] Reached target Unmount All Filesystems.
[[0;32m  OK  [0m] Stopped target Swap.
[[0;32m  OK  [0m] Stopped target Local File Systems (Pre).
         Stopping Monitoring of LVM2 mirrorsâ€¦ng dmeventd or progress polling...
[[0;32m  OK  [0m] Stopped Create Static Device Nodes in /dev.
[[0;32m  OK  [0m] Stopped Monitoring of LVM2 mirrors,â€¦sing dmeventd or progress polling.
         Stopping LVM2 metadata daemon...
[[0;32m  OK  [0m] Stopped LVM2 metadata daemon.
[[0;32m  OK  [0m] Stopped Network Service.
[[0;32m  OK  [0m] Stopped target Network (Pre).
[[0;32m  OK  [0m] Stopped Initial cloud-init job (pre-networking).
[[0;32m  OK  [0m] Stopped Remount Root and Kernel File Systems.
[[0;32m  OK  [0m] Stopped Apply Kernel Variables.
[[0;32m  OK  [0m] Stopped Load Kernel Modules.
[[0;32m  OK  [0m] Reached target Shutdown.
[[0;32m  OK  [0m] Reached target Final Step.
         Starting Power-Off...
[  256.363298] reboot: Power down
